onewire.c:41:10:USART_ReceiveData	0	static
onewire.c:50:6:USART_SendData	0	static
onewire.c:63:6:usart_setup	8	static,ignoring_inline_asm
onewire.c:82:6:owInit	0	static
onewire.c:97:6:owReadHandler	0	static
onewire.c:128:9:getUsartIndex	0	static
onewire.c:136:6:owSend	0	static
onewire.c:142:9:owReadSlot	0	static
onewire.c:146:10:owEchoRead	0	static
onewire.c:116:12:owResetCmd	8	static
onewire.c:153:10:byteToBits	0	static
onewire.c:172:6:owSendByte	16	static
onewire.c:182:9:bitsToByte	0	static
onewire.c:196:9:owCRC	16	static
onewire.c:214:9:owCRC8	0	static
onewire.c:225:5:hasNextRom	40	static
onewire.c:273:5:owSearchCmd	16	static
onewire.c:285:6:owSkipRomCmd	8	static
onewire.c:290:6:owMatchRomCmd	16	static
onewire.c:298:6:owConvertTemperatureCmd	8	static
onewire.c:312:10:owReadScratchpadCmd	24	static
onewire.c:339:6:owWriteDS18B20Scratchpad	16	static
onewire.c:358:15:readTemperature	40	static
onewire.c:387:6:owCopyScratchpadCmd	8	static
onewire.c:392:6:owRecallE2Cmd	8	static
onewire.c:398:5:get_ROMid	64	static,ignoring_inline_asm
onewire.c:434:6:get_Temperature	24	static
