stm32f4xx_hal_msp.c:67:6:HAL_MspInit	8	static
stm32f4xx_hal_msp.c:91:6:HAL_I2C_MspInit	48	static
stm32f4xx_hal_msp.c:127:6:HAL_I2C_MspDeInit	8	static
stm32f4xx_hal_msp.c:158:6:HAL_I2S_MspInit	48	static
stm32f4xx_hal_msp.c:204:6:HAL_I2S_MspDeInit	8	static
stm32f4xx_hal_msp.c:237:6:HAL_SPI_MspInit	40	static
stm32f4xx_hal_msp.c:274:6:HAL_SPI_MspDeInit	0	static
stm32f4xx_hal_msp.c:304:6:HAL_TIM_Base_MspInit	24	static
stm32f4xx_hal_msp.c:346:6:HAL_TIM_Encoder_MspInit	40	static
stm32f4xx_hal_msp.c:379:6:HAL_TIM_MspPostInit	32	static
stm32f4xx_hal_msp.c:411:6:HAL_TIM_Base_MspDeInit	0	static
stm32f4xx_hal_msp.c:436:6:HAL_TIM_Encoder_MspDeInit	8	static
